// Jest Snapshot v1, https://goo.gl/fbAQLP

exports[`<Button /> renders correctly 1`] = `
<View
  accessible={true}
  isTVSelectable={true}
  onResponderGrant={[Function]}
  onResponderMove={[Function]}
  onResponderRelease={[Function]}
  onResponderTerminate={[Function]}
  onResponderTerminationRequest={[Function]}
  onStartShouldSetResponder={[Function]}
  style={
    Object {
      "alignItems": "center",
      "backgroundColor": "#4145C8",
      "borderColor": "#4145C8",
      "borderRadius": 6,
      "borderWidth": 1,
      "justifyContent": "center",
      "opacity": 1,
      "padding": 15,
    }
  }
/>
`;
