// Jest Snapshot v1, https://goo.gl/fbAQLP

exports[`<ModalProvider /> renders correctly 1`] = `null`;
